<html>
<body>
<pre>
<h1>µVision Build Log</h1>
<h2>Tool Versions:</h2>
IDE-Version: µVision V5.27.1.0
Copyright (C) 2019 ARM Ltd and ARM Germany GmbH. All rights reserved.
License Information: Sinh Dang, Ho Chi Minh University Of Teachnology and Education, LIC=----
 
Tool Versions:
Toolchain:       MDK-Lite  Version: 5.27.1.0
Toolchain Path:  C:\Keil_v5\ARM\ARMCC\Bin
C Compiler:      Armcc.exe V5.06 update 6 (build 750)
Assembler:       Armasm.exe V5.06 update 6 (build 750)
Linker/Locator:  ArmLink.exe V5.06 update 6 (build 750)
Library Manager: ArmAr.exe V5.06 update 6 (build 750)
Hex Converter:   FromElf.exe V5.06 update 6 (build 750)
CPU DLL:         SARMCM3.DLL V5.27.1.0
Dialog DLL:      DCM.DLL V1.17.2.0
Target DLL:      STLink\ST-LINKIII-KEIL_SWO.dll V3.0.6.0
Dialog DLL:      TCM.DLL V1.36.1.0
 
<h2>Project:</h2>
E:\ARM\Bai 4\truyen1ChieuUART\MDK-ARM\truyen1ChieuUART.uvprojx
Project File Date:  05/12/2019

<h2>Output:</h2>
*** Using Compiler 'V5.06 update 6 (build 750)', folder: 'C:\Keil_v5\ARM\ARMCC\Bin'
Build target 'truyen1ChieuUART'
compiling main.c...
../Src/main.c(101): warning:  #188-D: enumerated type mixed with another type
  HAL_GPIO_WritePin(EN_Port,EN_Pin,1);
../Src/main.c(103): warning:  #188-D: enumerated type mixed with another type
  HAL_GPIO_WritePin(EN_Port,EN_Pin,0);	
../Src/main.c(109): warning:  #188-D: enumerated type mixed with another type
  HAL_GPIO_WritePin(D4_Port,D4_Pin,Data&0x01);
../Src/main.c(110): warning:  #188-D: enumerated type mixed with another type
  HAL_GPIO_WritePin(D5_Port,D5_Pin,(Data>>1)&0x01);
../Src/main.c(111): warning:  #188-D: enumerated type mixed with another type
  HAL_GPIO_WritePin(D6_Port,D6_Pin,(Data>>2)&0x01);
../Src/main.c(112): warning:  #188-D: enumerated type mixed with another type
  HAL_GPIO_WritePin(D7_Port,D7_Pin,(Data>>3)&0x01);	
../Src/main.c(131): warning:  #188-D: enumerated type mixed with another type
  	HAL_GPIO_WritePin(EN_Port,EN_Pin,0);
../Src/main.c(132): warning:  #188-D: enumerated type mixed with another type
  	HAL_GPIO_WritePin(RS_Port,RS_Pin,0);
../Src/main.c(169): warning:  #188-D: enumerated type mixed with another type
    HAL_GPIO_WritePin(RS_Port,RS_Pin,1);
../Src/main.c(171): warning:  #188-D: enumerated type mixed with another type
    HAL_GPIO_WritePin(RS_Port,RS_Pin,0);
../Src/main.c(207): warning:  #188-D: enumerated type mixed with another type
  	HAL_GPIO_WritePin (GPIOA, GPIO_PIN_6, 0);   // pull the pin low
../Src/main.c(326): warning:  #177-D: variable "i"  was declared but never referenced
  	uint8_t i =0;
../Src/main.c(472): warning:  #188-D: enumerated type mixed with another type
                            |D6_Pin|D7_Pin|led1_Pin, GPIO_PIN_RESET);
../Src/main.c(476): warning:  #188-D: enumerated type mixed with another type
                            |led6_Pin|led7_Pin|led8_Pin, GPIO_PIN_RESET);
../Src/main.c: 14 warnings, 0 errors
linking...
Program Size: Code=5916 RO-data=292 RW-data=36 ZI-data=1124  
FromELF: creating hex file...
"truyen1ChieuUART\truyen1ChieuUART.axf" - 0 Error(s), 14 Warning(s).

<h2>Software Packages used:</h2>

Package Vendor: ARM
                http://www.keil.com/pack/ARM.CMSIS.5.5.1.pack
                ARM.CMSIS.5.5.1
                CMSIS (Cortex Microcontroller Software Interface Standard)
   * Component: CORE Version: 5.2.0

Package Vendor: Keil
                http://www.keil.com/pack/Keil.STM32F1xx_DFP.2.3.0.pack
                Keil.STM32F1xx_DFP.2.3.0
                STMicroelectronics STM32F1 Series Device Support, Drivers and Examples

<h2>Collection of Component include folders:</h2>
  .\RTE\_truyen1ChieuUART
  C:\Users\ASUS\AppData\Local\Arm\Packs\ARM\CMSIS\5.5.1\CMSIS\Core\Include
  C:\Users\ASUS\AppData\Local\Arm\Packs\Keil\STM32F1xx_DFP\2.3.0\Device\Include

<h2>Collection of Component Files used:</h2>

   * Component: ARM::CMSIS:CORE:5.2.0
Build Time Elapsed:  00:00:02
</pre>
</body>
</html>
